../Inc/lcd1602.h:16:9:LcdReadByte	40	static
../Inc/lcd1602.h:38:6:LcdSendNibble	16	static
../Inc/lcd1602.h:46:6:LcdSendByte	16	static
../Inc/lcd1602.h:55:6:LcdInit	16	static
../Inc/lcd1602.h:67:6:lcd_gotoxy	24	static
../Inc/lcd1602.h:75:6:lcd_putc	16	static
../Inc/lcd1602.h:85:6:lcd_puts	32	static
../Inc/lcd1602.h:93:6:lcd_cgram	48	static
../Src/main.c:114:10:read_adc	32	static
../Src/main.c:128:6:status_cal	8	static
../Src/main.c:138:6:lcd_dis	16	static
../Src/main.c:150:6:led_ring	16	static
../Src/main.c:211:6:temper_updown	8	static
../Src/main.c:246:6:buzz_3sound	16	static
../Src/main.c:265:6:led_con	16	static
../Src/main.c:317:6:auto_adj_mode	8	static
../Src/main.c:331:6:alarm_set	8	static
../Src/main.c:349:6:alarm_buzz	8	static
../Src/main.c:382:5:main	16	static
../Src/main.c:508:6:SystemClock_Config	96	static
../Src/main.c:549:13:MX_ADC_Init	16	static
../Src/main.c:610:13:MX_GPIO_Init	48	static
../Src/main.c:677:6:Error_Handler	8	static
